5 франциском
5 со
5 лаврентием
5 рождество
4 ежи
4 ежа
4 колоризованная
4 портрета
